// Vitest Snapshot v1, https://vitest.dev/guide/snapshot.html

exports[`WalletConnect > renders connect button when disconnected 1`] = `
<div>
  <div
    class="rounded-3xl border border-white/10 bg-white/5 p-5 shadow-2xl shadow-black/20 backdrop-blur"
  >
    <div
      class="flex items-center justify-between gap-4"
    >
      <div>
        <p
          class="text-xs uppercase tracking-[0.25em] text-mint"
        >
          Wallet
        </p>
        <div
          class="mt-2 text-sm text-sky/80"
        >
          <p>
            Connect Freighter to preview Stellar Testnet support.
          </p>
        </div>
      </div>
      <button
        class="rounded-full bg-mint px-4 py-2 text-sm font-semibold text-ink transition hover:bg-white"
        type="button"
      >
        Connect Freighter
      </button>
    </div>
  </div>
</div>
`;
